// Jest Snapshot v1, https://goo.gl/fbAQLP

exports[`Pruebas en CounterApp Coincidencia con snapshot 1`] = `
<div>
  <h1>
    Counter - App
  </h1>
  <h2>
    100
  </h2>
  <button>
     +1 
  </button>
  <button>
     -1 
  </button>
  <button
    aria-label="boton-reset"
  >
     Inicio 
  </button>
</div>
`;
