// Jest Snapshot v1, https://goo.gl/fbAQLP

exports[`Pruebas en <PrimeraBisApp /> Debe coincidir (hacer match) con el snapshot 1`] = `undefined`;
